C51 COMPILER V9.60.0.0   STC_CALCULATOR                                                    05/11/2020 05:44:17 PAGE 1   


C51 COMPILER V9.60.0.0, COMPILATION OF MODULE STC_CALCULATOR
OBJECT MODULE PLACED IN .\Objects\stc-calculator.obj
COMPILER INVOKED BY: C:\Keil_v5\C51\BIN\C51.EXE stc-calculator.c OPTIMIZE(8,SPEED) BROWSE DEBUG OBJECTEXTEND PRINT(.\Lis
                    -tings\stc-calculator.lst) TABS(2) OBJECT(.\Objects\stc-calculator.obj)

line level    source

   1          #include <reg52.h>
   2          #include "paulobetax.h"
   3          #define uchar unsigned char
   4          //<Declaire_Variables>//
   5          uchar state = 0;
   6          uchar inputx = 4;
   7          uchar inputy = 0;
   8          uchar effector = '+';
   9          uchar result = 0;
  10          
  11          //<Declare_Functions>//
  12          void getdigit();
  13          void display();
  14          void changestate();
  15          void calculate();
  16          
  17          //<Functions>/////////
  18          void main(){
  19   1        while (1){
  20   2            getdigit();
  21   2            calculate();
  22   2            display();
  23   2            
  24   2        }
  25   1      }
  26          void getdigit(){
  27   1        uchar button = 0;
  28   1        uchar input = 0;
  29   1        if (P3 != 0){
  30   2          while(P3 != 0){
  31   3            while(state==0){
  32   4              button = P3;
  33   4              switch(button){
  34   5                      case 0xee:                  
  35   5                        xled(11);
  36   5                        input = 1;
  37   5                        changestate();
  38   5                        break;
  39   5                      case 0xde:                  
  40   5                        xled(11);
  41   5                        input = 2;
  42   5                        changestate();
  43   5                        break;                
  44   5                      case 0xbe:                  
  45   5                        xled(11);
  46   5                        input = 3;
  47   5                        changestate();
  48   5                        break;                
  49   5                      case 0x7e:                  
  50   5                        xled(11);
  51   5                        input = 4;  
  52   5                        changestate();
  53   5                        break;
  54   5                      case 0xed:                  
C51 COMPILER V9.60.0.0   STC_CALCULATOR                                                    05/11/2020 05:44:17 PAGE 2   

  55   5                        xled(11);
  56   5                        input = 5;  
  57   5                        changestate();
  58   5                        break;
  59   5                      case 0xdd:                  
  60   5                        xled(11);
  61   5                        input = 6;  
  62   5                        changestate();
  63   5                        break;                
  64   5                      case 0xbd:                  
  65   5                        xled(11);
  66   5                        input = 7;  
  67   5                        changestate();
  68   5                        break;                
  69   5                      case 0x7d:                  
  70   5                        xled(11);
  71   5                        input = 8;  
  72   5                        changestate();
  73   5                        break;                  
  74   5                      case 0xeb:                  
  75   5                        xled(11);
  76   5                        input = 9;  
  77   5                        changestate();
  78   5                        break;
  79   5                      case 0xdb:                  
  80   5                        xled(11);
  81   5                        input = 0;  
  82   5                        changestate();
  83   5                        break;                
  84   5                      case 0xbb:                  
  85   5                          xled(11);
  86   5                        changestate();
  87   5                        break;                
  88   5                      case 0x7b:                  
  89   5                          xled(11);
  90   5                        changestate();
  91   5                        break;
  92   5                      case 0xe7:                  
  93   5                          xled(11);
  94   5                        changestate();
  95   5                        break;
  96   5                      case 0xd7:                  
  97   5                          xled(11);
  98   5                        changestate();
  99   5                        break;                
 100   5                      case 0xb7:                  
 101   5                          xled(11);
 102   5                        changestate();
 103   5                        break;                
 104   5                      case 0x77:                  
 105   5                          xled(11);
 106   5                        changestate();
 107   5                        break;                
 108   5                      default:
 109   5                        P1 = 0xff;// turn off
 110   5                        input =0;
 111   5                        
 112   5                    }
 113   4            }
 114   3          }
 115   2          if (state == 0){inputx = input;}
 116   2          if (state == 2){inputy = input;}
C51 COMPILER V9.60.0.0   STC_CALCULATOR                                                    05/11/2020 05:44:17 PAGE 3   

 117   2        }
 118   1          //
 119   1      }
 120          void display(){
 121   1        while (state==0){
 122   2      //  while ((state==0) || (state==2)){
 123   2          xsegment(1);
 124   2          xdigit(inputx);
 125   2      /*
 126   2          xdelay(10);
 127   2          xsegment(6);
 128   2          xdigit(inputy);
 129   2          xdelay(10);
 130   2      */
 131   2        }
 132   1      }
 133          void changestate(){
 134   1        state = state+1;
 135   1        if (state==4){state = 0;}
 136   1      }
 137          void calculate(){
 138   1        while(state==3){
 139   2          break;
 140   2          }
 141   1      }


MODULE INFORMATION:   STATIC OVERLAYABLE
   CODE SIZE        =    646    ----
   CONSTANT SIZE    =   ----    ----
   XDATA SIZE       =   ----    ----
   PDATA SIZE       =   ----    ----
   DATA SIZE        =      7       4
   IDATA SIZE       =   ----    ----
   BIT SIZE         =   ----    ----
END OF MODULE INFORMATION.


C51 COMPILATION COMPLETE.  0 WARNING(S),  0 ERROR(S)
